[INFO] Scanning for projects...
[INFO] 
[INFO] -------------------< com.svvt:sportSport-svvt-tests >-------------------
[INFO] Building SportSport SVVT - Automated Test Suite 1.0-SNAPSHOT
[INFO]   from pom.xml
[INFO] --------------------------------[ jar ]---------------------------------
[INFO] 
[INFO] --- clean:3.2.0:clean (default-clean) @ sportSport-svvt-tests ---
[INFO] Deleting /Users/tarikhamzic/Desktop/coding projects/SVVT project/test/SVVT_2425-main/target
[INFO] 
[INFO] --- resources:3.3.1:resources (default-resources) @ sportSport-svvt-tests ---
[INFO] skip non existing resourceDirectory /Users/tarikhamzic/Desktop/coding projects/SVVT project/test/SVVT_2425-main/src/main/resources
[INFO] 
[INFO] --- compiler:3.13.0:compile (default-compile) @ sportSport-svvt-tests ---
[INFO] Nothing to compile - all classes are up to date.
[INFO] 
[INFO] --- resources:3.3.1:testResources (default-testResources) @ sportSport-svvt-tests ---
[INFO] skip non existing resourceDirectory /Users/tarikhamzic/Desktop/coding projects/SVVT project/test/SVVT_2425-main/src/test/resources
[INFO] 
[INFO] --- compiler:3.13.0:testCompile (default-testCompile) @ sportSport-svvt-tests ---
[INFO] Recompiling the module because of changed source code.
[INFO] Compiling 17 source files with javac [debug target 21] to target/test-classes
[INFO] 
[INFO] --- surefire:3.2.5:test (default-test) @ sportSport-svvt-tests ---
[INFO] ------------------------------------------------------------------------
[INFO] BUILD SUCCESS
[INFO] ------------------------------------------------------------------------
[INFO] Total time:  1.576 s
[INFO] Finished at: 2025-12-11T11:10:23+01:00
[INFO] ------------------------------------------------------------------------
